// Jest Snapshot v1, https://goo.gl/fbAQLP

exports[`Describe component <Login/> Login renders correctly 1`] = `
<div
  className="body"
>
  Ini Login
</div>
`;
